<!-- wp:paragraph -->
<p class="wp-block-paragraph">2Cut - collapsed selection</p>
<!-- /wp:paragraph -->