<!-- wp:paragraph -->
<p class="wp-block-paragraph"><strong>t<a href="https://wordpress.org/gutenberg">es</a>t</strong></p>
<!-- /wp:paragraph -->