// Jest Snapshot v1, https://goo.gl/fbAQLP

exports[`anchor should set the ID attribute on the block 1`] = `
"<!-- wp:paragraph -->
<p class="wp-block-paragraph" id="my-anchor"></p>
<!-- /wp:paragraph -->"
`;
